
> frontend@1.0.0 test
> ng test --watch=false --browsers=ChromeHeadless

- Generating browser application bundles (phase: setup)...
✔ Browser application bundle generation complete.
[1m[31m
Error: [96msrc/app/features/payments/payment-detail/payment-detail.component.spec.ts[0m:[93m51[0m:[93m9[0m - [91merror[0m[90m TS2322: [0mType 'PaymentStatus' is not assignable to type 'TransactionStatus'.
  Type '"PROCESSING"' is not assignable to type 'TransactionStatus'.

[7m51[0m         status: "PENDING" as PaymentStatus,
[7m  [0m [91m        ~~~~~~[0m

  [96msrc/app/shared/models/payment.model.ts[0m:[93m95[0m:[93m3[0m
    [7m95[0m   status: TransactionStatus;
    [7m  [0m [96m  ~~~~~~[0m
    The expected type comes from property 'status' which is declared here on type 'TransactionResponse'


[39m[22m
[32m03 12 2025 06:12:01.309:INFO [karma-server]: [39mKarma v6.4.4 server started at http://localhost:9876/
[32m03 12 2025 06:12:01.310:INFO [launcher]: [39mLaunching browsers ChromeHeadless with concurrency unlimited
[91m03 12 2025 06:12:01.310:ERROR [karma-server]: [39mError: Found 1 load error
    at Server.<anonymous> (C:\Users\fangs\Desktop\work\ganz\Payment Gateway Integration System\frontend\node_modules\karma\lib\server.js:243:26)
    at Object.onceWrapper (node:events:622:28)
    at Server.emit (node:events:520:35)
    at emitListeningNT (node:net:1983:10)
    at process.processTicksAndRejections (node:internal/process/task_queues:88:21)
✔ Browser application bundle generation complete.
✔ Browser application bundle generation complete.
